
> portfolio@0.1.0 build
> next build

Γû▓ Next.js 16.1.6 (Turbopack)
- Environments: .env.local

  Creating an optimized production build ...
node.exe : 
At line:1 char:1
+ & "C:\Program 
Files\nodejs/node.exe" 
"C:\Program 
Files\nodejs/node_mo 
...
+ ~~~~~~~~~~~~~~~~~~~~~
~~~~~~~~~~~~~~~~~~~~~~~
~~~~~~~~~~~~~~~~~~~~~~~
~~
    + CategoryInfo     
         : NotSpecifi  
  ed: (:String) [],    
 RemoteException
    + FullyQualifiedEr 
   rorId : NativeComm  
  andError
 
> Build error occurred
Error: Turbopack build 
failed with 1 errors:
./src/app/(frontend)/pa
ge.tsx:7:19
Ecmascript file had an 
error
[0m [90m  5 |[39m 
[36mimport[39m [33mS
crollIndicator[39m 
[36mfrom[39m [32m'@/
components/sections/Scr
ollIndicator'[39m[33m
;[39m
 [90m  6 |[39m
[31m[1m>[22m[39m[9
0m  7 |[39m 
[36mconst[39m 
[33mHeroScene[39m 
[33m=[39m dynamic(() 
[33m=>[39m [36mimpor
t[39m([32m'@/componen
ts/3d/HeroScene'[39m)
[33m,[39m {
 [90m    |[39m       
            [31m[1m^
[22m[39m[31m[1m^[22
m[39m[31m[1m^[22m[
39m[31m[1m^[22m[39m
[31m[1m^[22m[39m[3
1m[1m^[22m[39m[31m
[1m^[22m[39m[31m[1m
^[22m[39m[31m[1m^[
22m[39m[31m[1m^[22m
[39m[31m[1m^[22m[3
9m[31m[1m^[22m[39m
[31m[1m^[22m[39m[31
m[1m^[22m[39m[31m[
1m^[22m[39m[31m[1m^
[22m[39m[31m[1m^[2
2m[39m[31m[1m^[22m
[39m[31m[1m^[22m[39
m[31m[1m^[22m[39m[
31m[1m^[22m[39m[31m
[1m^[22m[39m[31m[1
m^[22m[39m[31m[1m^
[22m[39m[31m[1m^[22
m[39m[31m[1m^[22m[
39m[31m[1m^[22m[39m
[31m[1m^[22m[39m[3
1m[1m^[22m[39m[31m
[1m^[22m[39m[31m[1m
^[22m[39m[31m[1m^[
22m[39m[31m[1m^[22m
[39m[31m[1m^[22m[3
9m[31m[1m^[22m[39m
[31m[1m^[22m[39m[31
m[1m^[22m[39m[31m[
1m^[22m[39m[31m[1m^
[22m[39m[31m[1m^[2
2m[39m[31m[1m^[22m
[39m[31m[1m^[22m[39
m[31m[1m^[22m[39m[
31m[1m^[22m[39m[31m
[1m^[22m[39m[31m[1
m^[22m[39m[31m[1m^
[22m[39m[31m[1m^[22
m[39m[31m[1m^[22m[
39m[31m[1m^[22m[39m
[31m[1m^[22m[39m[3
1m[1m^[22m[39m
[31m[1m>[22m[39m[9
0m  8 |[39m   
ssr[33m:[39m [36mfal
se[39m[33m,[39m
 [90m    |[39m [31m
[1m^[22m[39m[31m[1m
^[22m[39m[31m[1m^[
22m[39m[31m[1m^[22m
[39m[31m[1m^[22m[3
9m[31m[1m^[22m[39m
[31m[1m^[22m[39m[31
m[1m^[22m[39m[31m[
1m^[22m[39m[31m[1m^
[22m[39m[31m[1m^[2
2m[39m[31m[1m^[22m
[39m[31m[1m^[22m[39
m
[31m[1m>[22m[39m[9
0m  9 |[39m   
loading[33m:[39m () 
[33m=>[39m [33m<[39
m[33mdiv[39m classNam
e[33m=[39m[32m"absol
ute inset-0 
bg-background/50 
animate-pulse 
-z-10"[39m 
[33m/[39m[33m>[39m
 [90m    |[39m [31m
[1m^[22m[39m[31m[1m
^[22m[39m[31m[1m^[
22m[39m[31m[1m^[22m
[39m[31m[1m^[22m[3
9m[31m[1m^[22m[39m
[31m[1m^[22m[39m[31
m[1m^[22m[39m[31m[
1m^[22m[39m[31m[1m^
[22m[39m[31m[1m^[2
2m[39m[31m[1m^[22m
[39m[31m[1m^[22m[39
m
[31m[1m>[22m[39m[9
0m 10 |[39m 
})[33m;[39m
 [90m    |[39m [31m
[1m^[22m[39m[31m[1m
^[22m[39m[31m[1m^[
22m[39m
 [90m 11 |[39m
 [90m 12 |[39m 
[36mexport[39m 
[36mdefault[39m 
[36mfunction[39m 
[33mHome[39m() {
 [90m 13 |[39m   
[36mreturn[39m ([0m

`ssr: false` is not 
allowed with 
`next/dynamic` in 
Server Components. 
Please move it into a 
Client Component.


    at <unknown> (./src
/app/(frontend)/page.ts
x:7:19)
